BL51 BANKED LINKER/LOCATER V6.22.2.0                                                    12/19/2024  14:17:24  PAGE 1


BL51 BANKED LINKER/LOCATER V6.22.2.0, INVOKED BY:
D:\KEIL_V5\C51\BIN\BL51.EXE .\Objects\test.obj, .\Objects\Delay.obj, .\Objects\KeyMatrix.obj, .\Objects\NixieLight.obj, 
>> .\Objects\Lattice.obj TO .\Objects\test PRINT (.\Listings\test.m51) RAMSIZE (256)


MEMORY MODEL: SMALL


INPUT MODULES INCLUDED:
  .\Objects\test.obj (TEST)
  .\Objects\Delay.obj (DELAY)
  .\Objects\KeyMatrix.obj (KEYMATRIX)
  .\Objects\NixieLight.obj (NIXIELIGHT)
  .\Objects\Lattice.obj (LATTICE)
  D:\KEIL_V5\C51\LIB\C51S.LIB (?C_STARTUP)
  D:\KEIL_V5\C51\LIB\C51S.LIB (?C?OFFXADD)
  D:\KEIL_V5\C51\LIB\C51S.LIB (?C_INIT)


LINK MAP OF MODULE:  .\Objects\test (TEST)


            TYPE    BASE      LENGTH    RELOCATION   SEGMENT NAME
            -----------------------------------------------------

            * * * * * * *   D A T A   M E M O R Y   * * * * * * *
            REG     0000H     0008H     ABSOLUTE     "REG BANK 0"
            DATA    0008H     0018H     UNIT         ?DT?NIXIELIGHT
            DATA    0020H     0008H     UNIT         _DATA_GROUP_
            DATA    0028H     0001H     UNIT         ?DT?KEY_MATRIX_RANKS_SCAN?KEYMATRIX
            DATA    0029H     0001H     UNIT         ?DT?KEY_MATRIX_FLIP_SCAN?KEYMATRIX
            IDATA   002AH     0001H     UNIT         ?STACK

            * * * * * * *   C O D E   M E M O R Y   * * * * * * *
            CODE    0000H     0003H     ABSOLUTE     
            CODE    0003H     00FAH     UNIT         ?PR?KEY_MATRIX_RANKS_SCAN?KEYMATRIX
            CODE    00FDH     00ADH     UNIT         ?PR?MAIN?TEST
            CODE    01AAH     00A0H     UNIT         ?CO?TEST
            CODE    024AH     0092H     UNIT         ?PR?_HC595_SPOT_DISPLAY?LATTICE
            CODE    02DCH     008CH     UNIT         ?C_C51STARTUP
            CODE    0368H     006DH     UNIT         ?PR?KEY_MATRIX_FLIP_SCAN?KEYMATRIX
            CODE    03D5H     0069H     UNIT         ?PR?_SMG_DYMANIC_DISPLAY?NIXIELIGHT
            CODE    043EH     001BH     UNIT         ?C_INITSEG
            CODE    0459H     000CH     UNIT         ?C?LIB_CODE
            CODE    0465H     000BH     UNIT         ?PR?_DELAY?DELAY
            CODE    0470H     0009H     UNIT         ?PR?_SMG_STATIC_DISPLAY?NIXIELIGHT



OVERLAY MAP OF MODULE:   .\Objects\test (TEST)


SEGMENT                                       DATA_GROUP 
  +--> CALLED SEGMENT                       START    LENGTH
-----------------------------------------------------------
?C_C51STARTUP                               -----    -----
  +--> ?PR?MAIN?TEST
  +--> ?C_INITSEG
BL51 BANKED LINKER/LOCATER V6.22.2.0                                                  12/19/2024  14:17:24  PAGE 2



?PR?MAIN?TEST                               0020H    0004H
  +--> ?CO?TEST
  +--> ?PR?_HC595_SPOT_DISPLAY?LATTICE
  +--> ?PR?_DELAY?DELAY

?PR?_HC595_SPOT_DISPLAY?LATTICE             0024H    0004H



SYMBOL TABLE OF MODULE:  .\Objects\test (TEST)

  VALUE           TYPE          NAME
  ----------------------------------

  -------         MODULE        TEST
  C:0000H         SYMBOL        _ICE_DUMMY_
  D:0080H         PUBLIC        P0
  D:0090H         PUBLIC        P1
  D:00A0H         PUBLIC        P2
  D:00C0H         PUBLIC        XICON
  D:00B0H         PUBLIC        P3
  D:00E8H         PUBLIC        P4
  D:00A8H         PUBLIC        IE
  D:00B8H         PUBLIC        IP
  C:00FDH         PUBLIC        main
  D:0098H         PUBLIC        SCON
  D:0088H         PUBLIC        TCON
  C:01AAH         PUBLIC        gled_col
  C:022AH         PUBLIC        gled_row
  D:00C8H         PUBLIC        T2CON
  D:00D0H         PUBLIC        PSW
  -------         PROC          MAIN
  -------         DO            
  D:0020H         SYMBOL        i
  D:0021H         SYMBOL        j
  D:0022H         SYMBOL        a
  -------         ENDDO         
  C:00FDH         LINE#         30
  C:00FDH         LINE#         31
  C:00FDH         LINE#         32
  C:0100H         LINE#         33
  C:0102H         LINE#         34
  C:0106H         LINE#         35
  C:0106H         LINE#         36
  C:0106H         LINE#         37
  C:010EH         LINE#         38
  C:011CH         LINE#         39
  C:011CH         LINE#         40
  C:0174H         LINE#         41
  C:017BH         LINE#         42
  C:0184H         LINE#         43
  C:0188H         LINE#         44
  C:0196H         LINE#         45
  C:01A7H         LINE#         46
  -------         ENDPROC       MAIN
  -------         ENDMOD        TEST
BL51 BANKED LINKER/LOCATER V6.22.2.0                                                  12/19/2024  14:17:24  PAGE 3



  -------         MODULE        DELAY
  C:0000H         SYMBOL        _ICE_DUMMY_
  C:0465H         PUBLIC        _delay
  -------         PROC          _DELAY
  D:0006H         SYMBOL        i
  C:0465H         LINE#         1
  -------         ENDPROC       _DELAY
  -------         ENDMOD        DELAY

  -------         MODULE        KEYMATRIX
  C:0000H         SYMBOL        _ICE_DUMMY_
  D:0080H         PUBLIC        P0
  D:0090H         PUBLIC        P1
  D:00A0H         PUBLIC        P2
  D:00C0H         PUBLIC        XICON
  D:00B0H         PUBLIC        P3
  D:00E8H         PUBLIC        P4
  D:00A8H         PUBLIC        IE
  D:00B8H         PUBLIC        IP
  D:0098H         PUBLIC        SCON
  D:0088H         PUBLIC        TCON
  C:0003H         PUBLIC        key_matrix_ranks_scan
  C:0368H         PUBLIC        key_matrix_flip_scan
  D:00C8H         PUBLIC        T2CON
  D:00D0H         PUBLIC        PSW
  -------         PROC          KEY_MATRIX_RANKS_SCAN
  -------         DO            
  D:0028H         SYMBOL        key_value
  -------         ENDDO         
  C:0003H         LINE#         4
  C:0003H         LINE#         5
  C:0003H         LINE#         6
  C:0006H         LINE#         7
  C:0009H         LINE#         8
  C:0010H         LINE#         9
  C:0010H         LINE#         10
  C:0017H         LINE#         11
  C:002AH         LINE#         12
  C:002AH         LINE#         13
  C:002FH         LINE#         14
  C:0034H         LINE#         15
  C:0039H         LINE#         16
  C:003CH         LINE#         17
  C:003CH         LINE#         18
  C:003CH         LINE#         19
  C:0043H         LINE#         21
  C:0046H         LINE#         22
  C:004DH         LINE#         23
  C:004DH         LINE#         24
  C:0054H         LINE#         25
  C:0067H         LINE#         26
  C:0067H         LINE#         27
  C:006CH         LINE#         28
  C:0071H         LINE#         29
  C:0076H         LINE#         30
  C:0079H         LINE#         31
BL51 BANKED LINKER/LOCATER V6.22.2.0                                                  12/19/2024  14:17:24  PAGE 4


  C:0079H         LINE#         32
  C:0079H         LINE#         33
  C:0080H         LINE#         35
  C:0083H         LINE#         36
  C:008AH         LINE#         37
  C:008AH         LINE#         38
  C:0091H         LINE#         39
  C:00A4H         LINE#         40
  C:00A4H         LINE#         41
  C:00A9H         LINE#         42
  C:00AEH         LINE#         43
  C:00B3H         LINE#         44
  C:00B6H         LINE#         45
  C:00B6H         LINE#         46
  C:00B6H         LINE#         47
  C:00BDH         LINE#         49
  C:00C0H         LINE#         50
  C:00C7H         LINE#         51
  C:00C7H         LINE#         52
  C:00CEH         LINE#         53
  C:00E1H         LINE#         54
  C:00E1H         LINE#         55
  C:00E6H         LINE#         56
  C:00EBH         LINE#         57
  C:00F0H         LINE#         58
  C:00F3H         LINE#         59
  C:00F3H         LINE#         60
  C:00F3H         LINE#         61
  C:00FAH         LINE#         63
  C:00FCH         LINE#         64
  -------         ENDPROC       KEY_MATRIX_RANKS_SCAN
  -------         PROC          KEY_MATRIX_FLIP_SCAN
  -------         DO            
  D:0029H         SYMBOL        key_value
  -------         ENDDO         
  C:0368H         LINE#         67
  C:0368H         LINE#         68
  C:0368H         LINE#         69
  C:036BH         LINE#         71
  C:036EH         LINE#         72
  C:0375H         LINE#         73
  C:0375H         LINE#         74
  C:037CH         LINE#         75
  C:0383H         LINE#         76
  C:0383H         LINE#         77
  C:0395H         LINE#         78
  C:0395H         LINE#         79
  C:039AH         LINE#         80
  C:039FH         LINE#         81
  C:03A4H         LINE#         82
  C:03A7H         LINE#         83
  C:03A7H         LINE#         85
  C:03AAH         LINE#         86
  C:03BBH         LINE#         87
  C:03BBH         LINE#         88
  C:03BDH         LINE#         89
  C:03C1H         LINE#         90
BL51 BANKED LINKER/LOCATER V6.22.2.0                                                  12/19/2024  14:17:24  PAGE 5


  C:03C5H         LINE#         91
  C:03CBH         LINE#         92
  C:03CBH         LINE#         93
  C:03D2H         LINE#         94
  C:03D2H         LINE#         95
  C:03D2H         LINE#         97
  C:03D4H         LINE#         98
  -------         ENDPROC       KEY_MATRIX_FLIP_SCAN
  -------         ENDMOD        KEYMATRIX

  -------         MODULE        NIXIELIGHT
  C:0000H         SYMBOL        _ICE_DUMMY_
  D:0080H         PUBLIC        P0
  D:0090H         PUBLIC        P1
  D:00A0H         PUBLIC        P2
  D:00C0H         PUBLIC        XICON
  D:00B0H         PUBLIC        P3
  D:00E8H         PUBLIC        P4
  D:00A8H         PUBLIC        IE
  C:0470H         PUBLIC        _smg_static_display
  D:00B8H         PUBLIC        IP
  D:0098H         PUBLIC        SCON
  D:0088H         PUBLIC        TCON
  D:0008H         SYMBOL        smg_code
  B:0090H.0       PUBLIC        LSA
  B:0090H.1       PUBLIC        LSB
  B:0090H.2       PUBLIC        LSC
  D:00C8H         PUBLIC        T2CON
  C:03D5H         PUBLIC        _smg_dymanic_display
  D:00D0H         PUBLIC        PSW
  -------         PROC          _SMG_STATIC_DISPLAY
  D:0007H         SYMBOL        duan
  C:0470H         LINE#         36
  C:0470H         LINE#         37
  C:0470H         LINE#         38
  C:0478H         LINE#         39
  -------         ENDPROC       _SMG_STATIC_DISPLAY
  -------         PROC          _SMG_DYMANIC_DISPLAY
  D:0007H         SYMBOL        wei
  D:0004H         SYMBOL        duan
  C:03D5H         LINE#         44
  C:03D5H         LINE#         45
  C:03D5H         LINE#         46
  C:03D8H         LINE#         47
  C:03FEH         LINE#         48
  C:03FEH         LINE#         49
  C:0402H         LINE#         50
  C:0406H         LINE#         51
  C:040AH         LINE#         52
  C:040EH         LINE#         53
  C:0416H         LINE#         54
  C:041EH         LINE#         55
  C:0426H         LINE#         56
  C:042CH         LINE#         57
  C:042CH         LINE#         58
  C:0433H         LINE#         59
  C:043AH         LINE#         60
BL51 BANKED LINKER/LOCATER V6.22.2.0                                                  12/19/2024  14:17:24  PAGE 6


  C:043DH         LINE#         61
  -------         ENDPROC       _SMG_DYMANIC_DISPLAY
  -------         ENDMOD        NIXIELIGHT

  -------         MODULE        LATTICE
  C:0000H         SYMBOL        _ICE_DUMMY_
  D:0080H         PUBLIC        P0
  B:00B0H.6       PUBLIC        SRCLK
  D:0090H         PUBLIC        P1
  D:00A0H         PUBLIC        P2
  D:00C0H         PUBLIC        XICON
  D:00B0H         PUBLIC        P3
  D:00E8H         PUBLIC        P4
  D:00A8H         PUBLIC        IE
  D:00B8H         PUBLIC        IP
  D:0098H         PUBLIC        SCON
  D:0088H         PUBLIC        TCON
  B:00B0H.5       PUBLIC        RCK
  D:00C8H         PUBLIC        T2CON
  B:00B0H.7       PUBLIC        SER
  C:024AH         PUBLIC        _hc595_spot_display
  D:00D0H         PUBLIC        PSW
  -------         PROC          _HC595_SPOT_DISPLAY
  D:0001H         SYMBOL        d1
  D:0005H         SYMBOL        d2
  D:0003H         SYMBOL        d3
  D:0027H         SYMBOL        d4
  -------         DO            
  D:0007H         SYMBOL        i
  -------         ENDDO         
  C:024AH         LINE#         7
  C:024CH         LINE#         8
  C:024CH         LINE#         9
  C:024EH         LINE#         10
  C:0258H         LINE#         11
  C:0258H         LINE#         12
  C:0264H         LINE#         13
  C:026AH         LINE#         14
  C:026CH         LINE#         15
  C:026EH         LINE#         16
  C:0271H         LINE#         17
  C:027DH         LINE#         18
  C:027DH         LINE#         19
  C:0288H         LINE#         20
  C:028CH         LINE#         21
  C:028EH         LINE#         22
  C:0290H         LINE#         23
  C:0293H         LINE#         24
  C:029FH         LINE#         25
  C:029FH         LINE#         26
  C:02AAH         LINE#         27
  C:02AEH         LINE#         28
  C:02B0H         LINE#         29
  C:02B2H         LINE#         30
  C:02B5H         LINE#         31
  C:02C1H         LINE#         32
  C:02C1H         LINE#         33
BL51 BANKED LINKER/LOCATER V6.22.2.0                                                  12/19/2024  14:17:24  PAGE 7


  C:02CCH         LINE#         34
  C:02D0H         LINE#         35
  C:02D2H         LINE#         36
  C:02D4H         LINE#         37
  C:02D7H         LINE#         38
  C:02D9H         LINE#         39
  C:02DBH         LINE#         40
  -------         ENDPROC       _HC595_SPOT_DISPLAY
  -------         ENDMOD        LATTICE

  -------         MODULE        ?C?OFFXADD
  C:0459H         PUBLIC        ?C?OFFXADD
  -------         ENDMOD        ?C?OFFXADD

*** WARNING L16: UNCALLED SEGMENT, IGNORED FOR OVERLAY PROCESS
    SEGMENT: ?PR?KEY_MATRIX_RANKS_SCAN?KEYMATRIX

*** WARNING L16: UNCALLED SEGMENT, IGNORED FOR OVERLAY PROCESS
    SEGMENT: ?PR?KEY_MATRIX_FLIP_SCAN?KEYMATRIX

*** WARNING L16: UNCALLED SEGMENT, IGNORED FOR OVERLAY PROCESS
    SEGMENT: ?PR?_SMG_STATIC_DISPLAY?NIXIELIGHT

*** WARNING L16: UNCALLED SEGMENT, IGNORED FOR OVERLAY PROCESS
    SEGMENT: ?PR?_SMG_DYMANIC_DISPLAY?NIXIELIGHT

Program Size: data=43.0 xdata=0 code=1145
LINK/LOCATE RUN COMPLETE.  4 WARNING(S),  0 ERROR(S)
