BL51 BANKED LINKER/LOCATER V6.22.2.0                                                    12/19/2024  17:01:01  PAGE 1


BL51 BANKED LINKER/LOCATER V6.22.2.0, INVOKED BY:
D:\KEIL_V5\C51\BIN\BL51.EXE .\Objects\test.obj, .\Objects\Delay.obj, .\Objects\KeyMatrix.obj, .\Objects\NixieLight.obj, 
>> .\Objects\28BYJ_48.obj TO .\Objects\test PRINT (.\Listings\test.m51) RAMSIZE (256)


MEMORY MODEL: SMALL


INPUT MODULES INCLUDED:
  .\Objects\test.obj (TEST)
  .\Objects\Delay.obj (DELAY)
  .\Objects\KeyMatrix.obj (KEYMATRIX)
  .\Objects\NixieLight.obj (NIXIELIGHT)
  .\Objects\28BYJ_48.obj (28BYJ_48)
  D:\KEIL_V5\C51\LIB\C51S.LIB (?C_STARTUP)
  D:\KEIL_V5\C51\LIB\C51S.LIB (?C_INIT)


LINK MAP OF MODULE:  .\Objects\test (TEST)


            TYPE    BASE      LENGTH    RELOCATION   SEGMENT NAME
            -----------------------------------------------------

            * * * * * * *   D A T A   M E M O R Y   * * * * * * *
            REG     0000H     0008H     ABSOLUTE     "REG BANK 0"
            DATA    0008H     0018H     UNIT         ?DT?NIXIELIGHT
            BIT     0020H.0   0000H.1   UNIT         _BIT_GROUP_
                    0020H.1   0000H.7                *** GAP ***
            DATA    0021H     0005H     UNIT         _DATA_GROUP_
            DATA    0026H     0001H     UNIT         ?DT?KEY_MATRIX_RANKS_SCAN?KEYMATRIX
            IDATA   0027H     0001H     UNIT         ?STACK

            * * * * * * *   C O D E   M E M O R Y   * * * * * * *
            CODE    0000H     0003H     ABSOLUTE     
            CODE    0003H     00FAH     UNIT         ?PR?KEY_MATRIX_RANKS_SCAN?KEYMATRIX
            CODE    00FDH     008CH     UNIT         ?C_C51STARTUP
            CODE    0189H     006DH     UNIT         ?PR?KEY_MATRIX_FLIP_SCAN?KEYMATRIX
            CODE    01F6H     006CH     UNIT         ?PR?MAIN?TEST
            CODE    0262H     0069H     UNIT         ?PR?_SMG_DYMANIC_DISPLAY?NIXIELIGHT
            CODE    02CBH     0065H     UNIT         ?PR?_STEP_MOTOR_28BYJ48_SEND_PULSE?28BYJ_48
            CODE    0330H     001BH     UNIT         ?C_INITSEG
            CODE    034BH     000AH     UNIT         ?PR?_DELAY?DELAY
            CODE    0355H     0009H     UNIT         ?PR?_SMG_STATIC_DISPLAY?NIXIELIGHT



OVERLAY MAP OF MODULE:   .\Objects\test (TEST)


SEGMENT                                             BIT_GROUP          DATA_GROUP 
  +--> CALLED SEGMENT                            START    LENGTH     START    LENGTH
------------------------------------------------------------------------------------
?C_C51STARTUP                                    -----    -----      -----    -----
  +--> ?PR?MAIN?TEST
  +--> ?C_INITSEG

?PR?MAIN?TEST                                    0020H.0  0000H.1    0021H    0004H
BL51 BANKED LINKER/LOCATER V6.22.2.0                                                  12/19/2024  17:01:01  PAGE 2


  +--> ?PR?KEY_MATRIX_FLIP_SCAN?KEYMATRIX
  +--> ?PR?_STEP_MOTOR_28BYJ48_SEND_PULSE?28...
  +--> ?PR?_DELAY?DELAY

?PR?KEY_MATRIX_FLIP_SCAN?KEYMATRIX               -----    -----      0025H    0001H
  +--> ?PR?_DELAY?DELAY



SYMBOL TABLE OF MODULE:  .\Objects\test (TEST)

  VALUE           TYPE          NAME
  ----------------------------------

  -------         MODULE        TEST
  C:0000H         SYMBOL        _ICE_DUMMY_
  D:0080H         PUBLIC        P0
  D:0090H         PUBLIC        P1
  D:00A0H         PUBLIC        P2
  D:00C0H         PUBLIC        XICON
  D:00B0H         PUBLIC        P3
  D:00E8H         PUBLIC        P4
  D:00A8H         PUBLIC        IE
  D:00B8H         PUBLIC        IP
  C:01F6H         PUBLIC        main
  D:0098H         PUBLIC        SCON
  D:0088H         PUBLIC        TCON
  D:00C8H         PUBLIC        T2CON
  D:00D0H         PUBLIC        PSW
  -------         PROC          MAIN
  -------         DO            
  D:0021H         SYMBOL        key
  D:0022H         SYMBOL        dir
  D:0023H         SYMBOL        step
  D:0024H         SYMBOL        speed
  B:0020H.0       SYMBOL        flag
  -------         ENDDO         
  C:01F6H         LINE#         8
  C:01F6H         LINE#         9
  C:01F6H         LINE#         10
  C:01F9H         LINE#         11
  C:01FBH         LINE#         12
  C:01FDH         LINE#         13
  C:0200H         LINE#         14
  C:0202H         LINE#         15
  C:0202H         LINE#         16
  C:0202H         LINE#         17
  C:0207H         LINE#         18
  C:0217H         LINE#         19
  C:0217H         LINE#         20
  C:0217H         LINE#         21
  C:0223H         LINE#         22
  C:0225H         LINE#         23
  C:0225H         LINE#         24
  C:0230H         LINE#         25
  C:0232H         LINE#         26
  C:0234H         LINE#         27
BL51 BANKED LINKER/LOCATER V6.22.2.0                                                  12/19/2024  17:01:01  PAGE 3


  C:0234H         LINE#         28
  C:023FH         LINE#         29
  C:0241H         LINE#         30
  C:0243H         LINE#         31
  C:0243H         LINE#         32
  C:0245H         LINE#         33
  C:0245H         LINE#         34
  C:0245H         LINE#         35
  C:0248H         LINE#         36
  C:0248H         LINE#         37
  C:0251H         LINE#         38
  C:0259H         LINE#         39
  C:0260H         LINE#         40
  C:0260H         LINE#         41
  -------         ENDPROC       MAIN
  -------         ENDMOD        TEST

  -------         MODULE        DELAY
  C:0000H         SYMBOL        _ICE_DUMMY_
  C:034BH         PUBLIC        _delay
  -------         PROC          _DELAY
  D:0006H         SYMBOL        i
  C:034BH         LINE#         1
  -------         ENDPROC       _DELAY
  -------         ENDMOD        DELAY

  -------         MODULE        KEYMATRIX
  C:0000H         SYMBOL        _ICE_DUMMY_
  D:0080H         PUBLIC        P0
  D:0090H         PUBLIC        P1
  D:00A0H         PUBLIC        P2
  D:00C0H         PUBLIC        XICON
  D:00B0H         PUBLIC        P3
  D:00E8H         PUBLIC        P4
  D:00A8H         PUBLIC        IE
  D:00B8H         PUBLIC        IP
  D:0098H         PUBLIC        SCON
  D:0088H         PUBLIC        TCON
  C:0003H         PUBLIC        key_matrix_ranks_scan
  C:0189H         PUBLIC        key_matrix_flip_scan
  D:00C8H         PUBLIC        T2CON
  D:00D0H         PUBLIC        PSW
  -------         PROC          KEY_MATRIX_RANKS_SCAN
  -------         DO            
  D:0026H         SYMBOL        key_value
  -------         ENDDO         
  C:0003H         LINE#         4
  C:0003H         LINE#         5
  C:0003H         LINE#         6
  C:0006H         LINE#         7
  C:0009H         LINE#         8
  C:0010H         LINE#         9
  C:0010H         LINE#         10
  C:0017H         LINE#         11
  C:002AH         LINE#         12
  C:002AH         LINE#         13
  C:002FH         LINE#         14
BL51 BANKED LINKER/LOCATER V6.22.2.0                                                  12/19/2024  17:01:01  PAGE 4


  C:0034H         LINE#         15
  C:0039H         LINE#         16
  C:003CH         LINE#         17
  C:003CH         LINE#         18
  C:003CH         LINE#         19
  C:0043H         LINE#         21
  C:0046H         LINE#         22
  C:004DH         LINE#         23
  C:004DH         LINE#         24
  C:0054H         LINE#         25
  C:0067H         LINE#         26
  C:0067H         LINE#         27
  C:006CH         LINE#         28
  C:0071H         LINE#         29
  C:0076H         LINE#         30
  C:0079H         LINE#         31
  C:0079H         LINE#         32
  C:0079H         LINE#         33
  C:0080H         LINE#         35
  C:0083H         LINE#         36
  C:008AH         LINE#         37
  C:008AH         LINE#         38
  C:0091H         LINE#         39
  C:00A4H         LINE#         40
  C:00A4H         LINE#         41
  C:00A9H         LINE#         42
  C:00AEH         LINE#         43
  C:00B3H         LINE#         44
  C:00B6H         LINE#         45
  C:00B6H         LINE#         46
  C:00B6H         LINE#         47
  C:00BDH         LINE#         49
  C:00C0H         LINE#         50
  C:00C7H         LINE#         51
  C:00C7H         LINE#         52
  C:00CEH         LINE#         53
  C:00E1H         LINE#         54
  C:00E1H         LINE#         55
  C:00E6H         LINE#         56
  C:00EBH         LINE#         57
  C:00F0H         LINE#         58
  C:00F3H         LINE#         59
  C:00F3H         LINE#         60
  C:00F3H         LINE#         61
  C:00FAH         LINE#         63
  C:00FCH         LINE#         64
  -------         ENDPROC       KEY_MATRIX_RANKS_SCAN
  -------         PROC          KEY_MATRIX_FLIP_SCAN
  -------         DO            
  D:0025H         SYMBOL        key_value
  -------         ENDDO         
  C:0189H         LINE#         67
  C:0189H         LINE#         68
  C:0189H         LINE#         69
  C:018CH         LINE#         71
  C:018FH         LINE#         72
  C:0196H         LINE#         73
BL51 BANKED LINKER/LOCATER V6.22.2.0                                                  12/19/2024  17:01:01  PAGE 5


  C:0196H         LINE#         74
  C:019DH         LINE#         75
  C:01A4H         LINE#         76
  C:01A4H         LINE#         77
  C:01B6H         LINE#         78
  C:01B6H         LINE#         79
  C:01BBH         LINE#         80
  C:01C0H         LINE#         81
  C:01C5H         LINE#         82
  C:01C8H         LINE#         83
  C:01C8H         LINE#         85
  C:01CBH         LINE#         86
  C:01DCH         LINE#         87
  C:01DCH         LINE#         88
  C:01DEH         LINE#         89
  C:01E2H         LINE#         90
  C:01E6H         LINE#         91
  C:01ECH         LINE#         92
  C:01ECH         LINE#         93
  C:01F3H         LINE#         94
  C:01F3H         LINE#         95
  C:01F3H         LINE#         97
  C:01F5H         LINE#         98
  -------         ENDPROC       KEY_MATRIX_FLIP_SCAN
  -------         ENDMOD        KEYMATRIX

  -------         MODULE        NIXIELIGHT
  C:0000H         SYMBOL        _ICE_DUMMY_
  D:0080H         PUBLIC        P0
  D:0090H         PUBLIC        P1
  D:00A0H         PUBLIC        P2
  D:00C0H         PUBLIC        XICON
  D:00B0H         PUBLIC        P3
  D:00E8H         PUBLIC        P4
  D:00A8H         PUBLIC        IE
  C:0355H         PUBLIC        _smg_static_display
  D:00B8H         PUBLIC        IP
  D:0098H         PUBLIC        SCON
  D:0088H         PUBLIC        TCON
  D:0008H         SYMBOL        smg_code
  B:0090H.0       PUBLIC        LSA
  B:0090H.1       PUBLIC        LSB
  B:0090H.2       PUBLIC        LSC
  D:00C8H         PUBLIC        T2CON
  C:0262H         PUBLIC        _smg_dymanic_display
  D:00D0H         PUBLIC        PSW
  -------         PROC          _SMG_STATIC_DISPLAY
  D:0007H         SYMBOL        duan
  C:0355H         LINE#         36
  C:0355H         LINE#         37
  C:0355H         LINE#         38
  C:035DH         LINE#         39
  -------         ENDPROC       _SMG_STATIC_DISPLAY
  -------         PROC          _SMG_DYMANIC_DISPLAY
  D:0007H         SYMBOL        wei
  D:0004H         SYMBOL        duan
  C:0262H         LINE#         44
BL51 BANKED LINKER/LOCATER V6.22.2.0                                                  12/19/2024  17:01:01  PAGE 6


  C:0262H         LINE#         45
  C:0262H         LINE#         46
  C:0265H         LINE#         47
  C:028BH         LINE#         48
  C:028BH         LINE#         49
  C:028FH         LINE#         50
  C:0293H         LINE#         51
  C:0297H         LINE#         52
  C:029BH         LINE#         53
  C:02A3H         LINE#         54
  C:02ABH         LINE#         55
  C:02B3H         LINE#         56
  C:02B9H         LINE#         57
  C:02B9H         LINE#         58
  C:02C0H         LINE#         59
  C:02C7H         LINE#         60
  C:02CAH         LINE#         61
  -------         ENDPROC       _SMG_DYMANIC_DISPLAY
  -------         ENDMOD        NIXIELIGHT

  -------         MODULE        28BYJ_48
  C:0000H         SYMBOL        _ICE_DUMMY_
  D:0080H         PUBLIC        P0
  D:0090H         PUBLIC        P1
  D:00A0H         PUBLIC        P2
  D:00C0H         PUBLIC        XICON
  D:00B0H         PUBLIC        P3
  D:00E8H         PUBLIC        P4
  C:02CBH         PUBLIC        _step_motor_28BYJ48_send_pulse
  D:00A8H         PUBLIC        IE
  D:00B8H         PUBLIC        IP
  D:0098H         PUBLIC        SCON
  D:0088H         PUBLIC        TCON
  D:00C8H         PUBLIC        T2CON
  B:0090H.3       PUBLIC        IN1_A
  B:0090H.2       PUBLIC        IN1_B
  B:0090H.1       PUBLIC        IN1_C
  B:0090H.0       PUBLIC        IN1_D
  D:00D0H         PUBLIC        PSW
  -------         PROC          _STEP_MOTOR_28BYJ48_SEND_PULSE
  D:0007H         SYMBOL        step
  D:0005H         SYMBOL        dir
  -------         DO            
  D:0007H         SYMBOL        tmp
  -------         ENDDO         
  C:02CBH         LINE#         8
  C:02CBH         LINE#         9
  C:02CBH         LINE#         10
  C:02CBH         LINE#         12
  C:02CEH         LINE#         13
  C:02D3H         LINE#         14
  C:02F8H         LINE#         15
  C:02F8H         LINE#         16
  C:02FCH         LINE#         17
  C:0305H         LINE#         18
  C:030BH         LINE#         19
  C:0314H         LINE#         20
BL51 BANKED LINKER/LOCATER V6.22.2.0                                                  12/19/2024  17:01:01  PAGE 7


  C:0318H         LINE#         21
  C:031EH         LINE#         22
  C:0327H         LINE#         23
  C:032FH         LINE#         24
  C:032FH         LINE#         25
  -------         ENDPROC       _STEP_MOTOR_28BYJ48_SEND_PULSE
  -------         ENDMOD        28BYJ_48

*** WARNING L16: UNCALLED SEGMENT, IGNORED FOR OVERLAY PROCESS
    SEGMENT: ?PR?KEY_MATRIX_RANKS_SCAN?KEYMATRIX

*** WARNING L16: UNCALLED SEGMENT, IGNORED FOR OVERLAY PROCESS
    SEGMENT: ?PR?_SMG_STATIC_DISPLAY?NIXIELIGHT

*** WARNING L16: UNCALLED SEGMENT, IGNORED FOR OVERLAY PROCESS
    SEGMENT: ?PR?_SMG_DYMANIC_DISPLAY?NIXIELIGHT

Program Size: data=39.1 xdata=0 code=862
LINK/LOCATE RUN COMPLETE.  3 WARNING(S),  0 ERROR(S)
