BL51 BANKED LINKER/LOCATER V6.22.2.0                                                    12/13/2024  15:50:58  PAGE 1


BL51 BANKED LINKER/LOCATER V6.22.2.0, INVOKED BY:
D:\KEIL_V5\C51\BIN\BL51.EXE .\Objects\test1.obj TO .\Objects\test1 PRINT (.\Listings\test1.m51) RAMSIZE (256)


MEMORY MODEL: SMALL


INPUT MODULES INCLUDED:
  .\Objects\test1.obj (TEST1)
  D:\KEIL_V5\C51\LIB\C51S.LIB (?C_STARTUP)


LINK MAP OF MODULE:  .\Objects\test1 (TEST1)


            TYPE    BASE      LENGTH    RELOCATION   SEGMENT NAME
            -----------------------------------------------------

            * * * * * * *   D A T A   M E M O R Y   * * * * * * *
            REG     0000H     0008H     ABSOLUTE     "REG BANK 0"
            IDATA   0008H     0001H     UNIT         ?STACK

            * * * * * * *   C O D E   M E M O R Y   * * * * * * *
            CODE    0000H     0003H     ABSOLUTE     
            CODE    0003H     0043H     UNIT         ?PR?MAIN?TEST1
            CODE    0046H     001BH     UNIT         ?PR?_DELAY?TEST1
            CODE    0061H     000CH     UNIT         ?C_C51STARTUP



OVERLAY MAP OF MODULE:   .\Objects\test1 (TEST1)


SEGMENT
  +--> CALLED SEGMENT
---------------------
?C_C51STARTUP
  +--> ?PR?MAIN?TEST1

?PR?MAIN?TEST1
  +--> ?PR?_DELAY?TEST1



SYMBOL TABLE OF MODULE:  .\Objects\test1 (TEST1)

  VALUE           TYPE          NAME
  ----------------------------------

  -------         MODULE        TEST1
  C:0000H         SYMBOL        _ICE_DUMMY_
  D:0080H         PUBLIC        P0
  D:0090H         PUBLIC        P1
  D:00A0H         PUBLIC        P2
  D:00C0H         PUBLIC        XICON
  D:00B0H         PUBLIC        P3
  D:00E8H         PUBLIC        P4
  D:00A8H         PUBLIC        IE
BL51 BANKED LINKER/LOCATER V6.22.2.0                                                  12/13/2024  15:50:58  PAGE 2


  C:0057H         PUBLIC        _delay
  D:00B8H         PUBLIC        IP
  C:0003H         PUBLIC        main
  D:0098H         PUBLIC        SCON
  D:0088H         PUBLIC        TCON
  D:00C8H         PUBLIC        T2CON
  D:00D0H         PUBLIC        PSW
  -------         PROC          L?0020
  -------         ENDPROC       L?0020
  -------         PROC          _DELAY
  D:0006H         SYMBOL        i
  C:0057H         LINE#         3
  -------         ENDPROC       _DELAY
  -------         PROC          MAIN
  -------         DO            
  D:0004H         SYMBOL        i
  -------         ENDDO         
  C:0003H         LINE#         5
  C:0003H         LINE#         6
  C:0003H         LINE#         7
  C:0003H         LINE#         8
  C:0003H         LINE#         9
  C:0003H         LINE#         10
  C:0006H         LINE#         11
  C:0006H         LINE#         12
  C:0013H         LINE#         13
  C:0013H         LINE#         14
  C:0013H         LINE#         15
  C:0016H         LINE#         16
  C:0021H         LINE#         17
  C:002FH         LINE#         18
  C:002FH         LINE#         19
  C:003CH         LINE#         20
  C:003CH         LINE#         21
  C:003CH         LINE#         22
  C:003FH         LINE#         23
  -------         ENDPROC       MAIN
  -------         ENDMOD        TEST1

Program Size: data=9.0 xdata=0 code=109
LINK/LOCATE RUN COMPLETE.  0 WARNING(S),  0 ERROR(S)
