BL51 BANKED LINKER/LOCATER V6.22.2.0                                                    12/16/2024  14:29:40  PAGE 1


BL51 BANKED LINKER/LOCATER V6.22.2.0, INVOKED BY:
D:\KEIL_V5\C51\BIN\BL51.EXE .\Objects\test.obj TO .\Objects\test PRINT (.\Listings\test.m51) RAMSIZE (256)


MEMORY MODEL: SMALL


INPUT MODULES INCLUDED:
  .\Objects\test.obj (TEST)
  D:\KEIL_V5\C51\LIB\C51S.LIB (?C_STARTUP)
  D:\KEIL_V5\C51\LIB\C51S.LIB (?C_INIT)


LINK MAP OF MODULE:  .\Objects\test (TEST)


            TYPE    BASE      LENGTH    RELOCATION   SEGMENT NAME
            -----------------------------------------------------

            * * * * * * *   D A T A   M E M O R Y   * * * * * * *
            REG     0000H     0008H     ABSOLUTE     "REG BANK 0"
            DATA    0008H     000AH     UNIT         ?DT?TEST
            IDATA   0012H     0001H     UNIT         ?STACK

            * * * * * * *   C O D E   M E M O R Y   * * * * * * *
            CODE    0000H     0003H     ABSOLUTE     
            CODE    0003H     008CH     UNIT         ?C_C51STARTUP
            CODE    008FH     0069H     UNIT         ?PR?_SMG_DISPLAY?TEST
            CODE    00F8H     0039H     UNIT         ?PR?MAIN?TEST
            CODE    0131H     000DH     UNIT         ?C_INITSEG
            CODE    013EH     000AH     UNIT         ?PR?_DELAY?TEST



OVERLAY MAP OF MODULE:   .\Objects\test (TEST)


SEGMENT
  +--> CALLED SEGMENT
---------------------
?C_C51STARTUP
  +--> ?PR?MAIN?TEST
  +--> ?C_INITSEG

?PR?MAIN?TEST
  +--> ?PR?_SMG_DISPLAY?TEST

?PR?_SMG_DISPLAY?TEST
  +--> ?PR?_DELAY?TEST



SYMBOL TABLE OF MODULE:  .\Objects\test (TEST)

  VALUE           TYPE          NAME
  ----------------------------------

  -------         MODULE        TEST
BL51 BANKED LINKER/LOCATER V6.22.2.0                                                  12/16/2024  14:29:40  PAGE 2


  C:0000H         SYMBOL        _ICE_DUMMY_
  D:0080H         PUBLIC        P0
  D:0090H         PUBLIC        P1
  D:00A0H         PUBLIC        P2
  D:00C0H         PUBLIC        XICON
  D:00B0H         PUBLIC        P3
  D:00E8H         PUBLIC        P4
  D:00A8H         PUBLIC        IE
  C:013EH         PUBLIC        _delay
  D:00B8H         PUBLIC        IP
  C:008FH         PUBLIC        _smg_display
  C:00F8H         PUBLIC        main
  D:0098H         PUBLIC        SCON
  D:0088H         PUBLIC        TCON
  D:0008H         PUBLIC        smg_code
  B:00B0H.0       PUBLIC        LSA
  B:00B0H.1       PUBLIC        LSB
  B:00B0H.2       PUBLIC        LSC
  D:00C8H         PUBLIC        T2CON
  D:00D0H         PUBLIC        PSW
  -------         PROC          _DELAY
  D:0006H         SYMBOL        i
  C:013EH         LINE#         9
  -------         ENDPROC       _DELAY
  -------         PROC          _SMG_DISPLAY
  D:0007H         SYMBOL        wei
  D:0004H         SYMBOL        duan
  C:008FH         LINE#         15
  C:008FH         LINE#         16
  C:008FH         LINE#         17
  C:0092H         LINE#         18
  C:00B7H         LINE#         19
  C:00B7H         LINE#         20
  C:00BBH         LINE#         21
  C:00BFH         LINE#         22
  C:00C3H         LINE#         23
  C:00C7H         LINE#         24
  C:00CFH         LINE#         25
  C:00D7H         LINE#         26
  C:00DFH         LINE#         27
  C:00E5H         LINE#         28
  C:00E5H         LINE#         29
  C:00EDH         LINE#         30
  C:00F4H         LINE#         31
  C:00F7H         LINE#         32
  -------         ENDPROC       _SMG_DISPLAY
  -------         PROC          MAIN
  C:00F8H         LINE#         34
  C:00F8H         LINE#         35
  C:00F8H         LINE#         36
  C:00F8H         LINE#         37
  C:00F8H         LINE#         38
  C:0101H         LINE#         39
  C:0108H         LINE#         40
  C:010EH         LINE#         41
  C:0115H         LINE#         42
  C:011BH         LINE#         43
BL51 BANKED LINKER/LOCATER V6.22.2.0                                                  12/16/2024  14:29:40  PAGE 3


  C:0122H         LINE#         44
  C:0128H         LINE#         45
  C:012FH         LINE#         46
  -------         ENDPROC       MAIN
  -------         ENDMOD        TEST

Program Size: data=19.0 xdata=0 code=328
LINK/LOCATE RUN COMPLETE.  0 WARNING(S),  0 ERROR(S)
