BL51 BANKED LINKER/LOCATER V6.22.2.0                                                    12/20/2024  16:06:40  PAGE 1


BL51 BANKED LINKER/LOCATER V6.22.2.0, INVOKED BY:
D:\KEIL_V5\C51\BIN\BL51.EXE .\Objects\test.obj, .\Objects\Timer.obj TO .\Objects\test PRINT (.\Listings\test.m51) RAMSIZ
>> E (256)


MEMORY MODEL: SMALL


INPUT MODULES INCLUDED:
  .\Objects\test.obj (TEST)
  .\Objects\Timer.obj (TIMER)
  D:\KEIL_V5\C51\LIB\C51S.LIB (?C_STARTUP)
  D:\KEIL_V5\C51\LIB\C51S.LIB (?C_INIT)


LINK MAP OF MODULE:  .\Objects\test (TEST)


            TYPE    BASE      LENGTH    RELOCATION   SEGMENT NAME
            -----------------------------------------------------

            * * * * * * *   D A T A   M E M O R Y   * * * * * * *
            REG     0000H     0008H     ABSOLUTE     "REG BANK 0"
            DATA    0008H     0002H     UNIT         ?DT?TIMER
            IDATA   000AH     0001H     UNIT         ?STACK

            * * * * * * *   C O D E   M E M O R Y   * * * * * * *
            CODE    0000H     0003H     ABSOLUTE     
            CODE    0003H     0005H     UNIT         ?PR?MAIN?TEST
                    0008H     0003H                  *** GAP ***
            CODE    000BH     0003H     ABSOLUTE     
            CODE    000EH     008CH     UNIT         ?C_C51STARTUP
            CODE    009AH     001FH     UNIT         ?PR?TIME0?TIMER
            CODE    00B9H     0010H     UNIT         ?PR?TIME0_INIT?TIMER
            CODE    00C9H     0005H     UNIT         ?C_INITSEG



OVERLAY MAP OF MODULE:   .\Objects\test (TEST)


SEGMENT
  +--> CALLED SEGMENT
---------------------
?C_C51STARTUP
  +--> ?PR?MAIN?TEST
  +--> ?C_INITSEG

?PR?MAIN?TEST
  +--> ?PR?TIME0_INIT?TIMER



SYMBOL TABLE OF MODULE:  .\Objects\test (TEST)

  VALUE           TYPE          NAME
  ----------------------------------

BL51 BANKED LINKER/LOCATER V6.22.2.0                                                  12/20/2024  16:06:40  PAGE 2


  -------         MODULE        TEST
  C:0000H         SYMBOL        _ICE_DUMMY_
  D:0080H         PUBLIC        P0
  D:0090H         PUBLIC        P1
  D:00A0H         PUBLIC        P2
  D:00C0H         PUBLIC        XICON
  D:00B0H         PUBLIC        P3
  D:00E8H         PUBLIC        P4
  D:00A8H         PUBLIC        IE
  D:00B8H         PUBLIC        IP
  C:0003H         PUBLIC        main
  D:0098H         PUBLIC        SCON
  D:0088H         PUBLIC        TCON
  D:00C8H         PUBLIC        T2CON
  D:00D0H         PUBLIC        PSW
  -------         PROC          MAIN
  C:0003H         LINE#         4
  C:0003H         LINE#         5
  C:0003H         LINE#         6
  C:0006H         LINE#         7
  C:0006H         LINE#         8
  C:0006H         LINE#         10
  -------         ENDPROC       MAIN
  -------         ENDMOD        TEST

  -------         MODULE        TIMER
  C:0000H         SYMBOL        _ICE_DUMMY_
  D:0080H         PUBLIC        P0
  D:0090H         PUBLIC        P1
  D:00A0H         PUBLIC        P2
  D:00C0H         PUBLIC        XICON
  D:00B0H         PUBLIC        P3
  D:00E8H         PUBLIC        P4
  B:00A8H.7       PUBLIC        EA
  D:00A8H         PUBLIC        IE
  D:00B8H         PUBLIC        IP
  D:0098H         PUBLIC        SCON
  D:0089H         PUBLIC        TMOD
  D:0088H         PUBLIC        TCON
  B:00A0H.0       PUBLIC        D
  B:00A8H.1       PUBLIC        ET0
  D:008CH         PUBLIC        TH0
  D:008AH         PUBLIC        TL0
  B:0088H.4       PUBLIC        TR0
  C:009AH         PUBLIC        time0
  D:00C8H         PUBLIC        T2CON
  C:00B9H         PUBLIC        time0_init
  D:00D0H         PUBLIC        PSW
  -------         PROC          TIME0_INIT
  C:00B9H         LINE#         5
  C:00B9H         LINE#         6
  C:00B9H         LINE#         7
  C:00BCH         LINE#         8
  C:00BFH         LINE#         9
  C:00C2H         LINE#         10
  C:00C4H         LINE#         11
  C:00C6H         LINE#         12
BL51 BANKED LINKER/LOCATER V6.22.2.0                                                  12/20/2024  16:06:40  PAGE 3


  C:00C8H         LINE#         13
  -------         ENDPROC       TIME0_INIT
  -------         PROC          TIME0
  -------         DO            
  D:0008H         SYMBOL        i
  -------         ENDDO         
  C:009AH         LINE#         15
  C:009CH         LINE#         18
  C:009FH         LINE#         19
  C:00A2H         LINE#         20
  C:00B0H         LINE#         21
  C:00B0H         LINE#         22
  C:00B4H         LINE#         23
  C:00B6H         LINE#         24
  C:00B6H         LINE#         25
  -------         ENDPROC       TIME0
  -------         ENDMOD        TIMER

Program Size: data=11.0 xdata=0 code=203
LINK/LOCATE RUN COMPLETE.  0 WARNING(S),  0 ERROR(S)
