BL51 BANKED LINKER/LOCATER V6.22.2.0                                                    12/20/2024  16:13:15  PAGE 1


BL51 BANKED LINKER/LOCATER V6.22.2.0, INVOKED BY:
D:\KEIL_V5\C51\BIN\BL51.EXE .\Objects\test.obj, .\Objects\ExpernalInterrupt.obj, .\Objects\Delay.obj TO .\Objects\test P
>> RINT (.\Listings\test.m51) RAMSIZE (256)


MEMORY MODEL: SMALL


INPUT MODULES INCLUDED:
  .\Objects\test.obj (TEST)
  .\Objects\ExpernalInterrupt.obj (EXPERNALINTERRUPT)
  .\Objects\Delay.obj (DELAY)
  D:\KEIL_V5\C51\LIB\C51S.LIB (?C_STARTUP)


LINK MAP OF MODULE:  .\Objects\test (TEST)


            TYPE    BASE      LENGTH    RELOCATION   SEGMENT NAME
            -----------------------------------------------------

            * * * * * * *   D A T A   M E M O R Y   * * * * * * *
            REG     0000H     0008H     ABSOLUTE     "REG BANK 0"
            IDATA   0008H     0001H     UNIT         ?STACK

            * * * * * * *   C O D E   M E M O R Y   * * * * * * *
            CODE    0000H     0003H     ABSOLUTE     
            CODE    0003H     0003H     ABSOLUTE     
            CODE    0006H     000CH     UNIT         ?C_C51STARTUP
                    0012H     0001H                  *** GAP ***
            CODE    0013H     0003H     ABSOLUTE     
            CODE    0016H     0044H     UNIT         ?PR?EXTI0?EXPERNALINTERRUPT
            CODE    005AH     0044H     UNIT         ?PR?EXTI1?EXPERNALINTERRUPT
            CODE    009EH     000FH     UNIT         ?PR?MAIN?TEST
            CODE    00ADH     000AH     UNIT         ?PR?_DELAY?DELAY
            CODE    00B7H     0007H     UNIT         ?PR?EXTI0_INIT?EXPERNALINTERRUPT
            CODE    00BEH     0007H     UNIT         ?PR?EXTI1_INIT?EXPERNALINTERRUPT



OVERLAY MAP OF MODULE:   .\Objects\test (TEST)


SEGMENT
  +--> CALLED SEGMENT
---------------------
?PR?EXTI0?EXPERNALINTERRUPT
  +--> ?PR?_DELAY?DELAY

*** NEW ROOT ***************************************************

?PR?EXTI1?EXPERNALINTERRUPT
  +--> ?PR?_DELAY?DELAY

*** NEW ROOT ***************************************************

?C_C51STARTUP
  +--> ?PR?MAIN?TEST
BL51 BANKED LINKER/LOCATER V6.22.2.0                                                  12/20/2024  16:13:15  PAGE 2



?PR?MAIN?TEST
  +--> ?PR?EXTI0_INIT?EXPERNALINTERRUPT
  +--> ?PR?EXTI1_INIT?EXPERNALINTERRUPT
  +--> ?PR?_DELAY?DELAY



SYMBOL TABLE OF MODULE:  .\Objects\test (TEST)

  VALUE           TYPE          NAME
  ----------------------------------

  -------         MODULE        TEST
  C:0000H         SYMBOL        _ICE_DUMMY_
  D:0080H         PUBLIC        P0
  D:0090H         PUBLIC        P1
  D:00A0H         PUBLIC        P2
  D:00C0H         PUBLIC        XICON
  D:00B0H         PUBLIC        P3
  D:00E8H         PUBLIC        P4
  D:00A8H         PUBLIC        IE
  D:00B8H         PUBLIC        IP
  C:009EH         PUBLIC        main
  D:0098H         PUBLIC        SCON
  D:0088H         PUBLIC        TCON
  D:00C8H         PUBLIC        T2CON
  D:00D0H         PUBLIC        PSW
  -------         PROC          MAIN
  C:009EH         LINE#         5
  C:009EH         LINE#         6
  C:009EH         LINE#         7
  C:00A1H         LINE#         8
  C:00A4H         LINE#         9
  C:00A4H         LINE#         10
  C:00A4H         LINE#         11
  C:00ABH         LINE#         12
  -------         ENDPROC       MAIN
  -------         ENDMOD        TEST

  -------         MODULE        EXPERNALINTERRUPT
  C:0000H         SYMBOL        _ICE_DUMMY_
  D:0080H         PUBLIC        P0
  D:0090H         PUBLIC        P1
  D:00A0H         PUBLIC        P2
  D:00C0H         PUBLIC        XICON
  D:00B0H         PUBLIC        P3
  C:00B7H         PUBLIC        exti0_init
  D:00E8H         PUBLIC        P4
  C:00BEH         PUBLIC        exti1_init
  B:00A8H.7       PUBLIC        EA
  D:00A8H         PUBLIC        IE
  D:00B8H         PUBLIC        IP
  D:0098H         PUBLIC        SCON
  D:0088H         PUBLIC        TCON
  B:00A8H.0       PUBLIC        EX0
  B:0088H.0       PUBLIC        IT0
BL51 BANKED LINKER/LOCATER V6.22.2.0                                                  12/20/2024  16:13:15  PAGE 3


  B:00A8H.2       PUBLIC        EX1
  B:0088H.2       PUBLIC        IT1
  B:0080H.0       PUBLIC        LED
  D:00C8H         PUBLIC        T2CON
  C:0016H         PUBLIC        exti0
  C:005AH         PUBLIC        exti1
  D:00D0H         PUBLIC        PSW
  B:00B0H.2       PUBLIC        key1
  B:00B0H.3       PUBLIC        key2
  -------         PROC          EXTI0_INIT
  C:00B7H         LINE#         6
  C:00B7H         LINE#         7
  C:00B7H         LINE#         8
  C:00B9H         LINE#         9
  C:00BBH         LINE#         10
  C:00BDH         LINE#         11
  -------         ENDPROC       EXTI0_INIT
  -------         PROC          EXTI1_INIT
  C:00BEH         LINE#         13
  C:00BEH         LINE#         14
  C:00BEH         LINE#         15
  C:00C0H         LINE#         16
  C:00C2H         LINE#         17
  C:00C4H         LINE#         18
  -------         ENDPROC       EXTI1_INIT
  -------         PROC          EXTI0
  C:0016H         LINE#         20
  C:0033H         LINE#         22
  C:003AH         LINE#         23
  C:003DH         LINE#         24
  C:003DH         LINE#         25
  C:003FH         LINE#         26
  C:003FH         LINE#         27
  -------         ENDPROC       EXTI0
  -------         PROC          EXTI1
  C:005AH         LINE#         29
  C:0077H         LINE#         31
  C:007EH         LINE#         32
  C:0081H         LINE#         33
  C:0081H         LINE#         34
  C:0083H         LINE#         35
  C:0083H         LINE#         36
  -------         ENDPROC       EXTI1
  -------         ENDMOD        EXPERNALINTERRUPT

  -------         MODULE        DELAY
  C:0000H         SYMBOL        _ICE_DUMMY_
  C:00ADH         PUBLIC        _delay
  -------         PROC          _DELAY
  D:0006H         SYMBOL        i
  C:00ADH         LINE#         1
  -------         ENDPROC       _DELAY
  -------         ENDMOD        DELAY

Program Size: data=9.0 xdata=0 code=196
LINK/LOCATE RUN COMPLETE.  0 WARNING(S),  0 ERROR(S)
