BL51 BANKED LINKER/LOCATER V6.22.2.0                                                    12/16/2024  16:19:23  PAGE 1


BL51 BANKED LINKER/LOCATER V6.22.2.0, INVOKED BY:
D:\KEIL_V5\C51\BIN\BL51.EXE .\Objects\test.obj TO .\Objects\test PRINT (.\Listings\test.m51) RAMSIZE (256)


MEMORY MODEL: SMALL


INPUT MODULES INCLUDED:
  .\Objects\test.obj (TEST)
  D:\KEIL_V5\C51\LIB\C51S.LIB (?C_STARTUP)
  D:\KEIL_V5\C51\LIB\C51S.LIB (?C_INIT)


LINK MAP OF MODULE:  .\Objects\test (TEST)


            TYPE    BASE      LENGTH    RELOCATION   SEGMENT NAME
            -----------------------------------------------------

            * * * * * * *   D A T A   M E M O R Y   * * * * * * *
            REG     0000H     0008H     ABSOLUTE     "REG BANK 0"
                    0008H     0018H                  *** GAP ***
            BIT     0020H.0   0000H.1   UNIT         ?BI?TEST
            BIT     0020H.1   0000H.1   UNIT         _BIT_GROUP_
                    0020H.2   0000H.6                *** GAP ***
            IDATA   0021H     0001H     UNIT         ?STACK

            * * * * * * *   C O D E   M E M O R Y   * * * * * * *
            CODE    0000H     0003H     ABSOLUTE     
            CODE    0003H     008CH     UNIT         ?C_C51STARTUP
            CODE    008FH     0046H     UNIT         ?PR?KEY_SCAN?TEST
            CODE    00D5H     000EH     UNIT         ?PR?MAIN?TEST
            CODE    00E3H     000AH     UNIT         ?PR?_DELAY?TEST
            CODE    00EDH     0003H     UNIT         ?C_INITSEG



OVERLAY MAP OF MODULE:   .\Objects\test (TEST)


SEGMENT                           BIT_GROUP 
  +--> CALLED SEGMENT          START    LENGTH
----------------------------------------------
?C_C51STARTUP                  -----    -----
  +--> ?PR?MAIN?TEST
  +--> ?C_INITSEG

?PR?MAIN?TEST                  -----    -----
  +--> ?PR?KEY_SCAN?TEST

?PR?KEY_SCAN?TEST              0020H.1  0000H.1
  +--> ?PR?_DELAY?TEST



SYMBOL TABLE OF MODULE:  .\Objects\test (TEST)

  VALUE           TYPE          NAME
BL51 BANKED LINKER/LOCATER V6.22.2.0                                                  12/16/2024  16:19:23  PAGE 2


  ----------------------------------

  -------         MODULE        TEST
  C:0000H         SYMBOL        _ICE_DUMMY_
  D:0080H         PUBLIC        P0
  D:0090H         PUBLIC        P1
  D:00A0H         PUBLIC        P2
  D:00C0H         PUBLIC        XICON
  D:00B0H         PUBLIC        P3
  D:00E8H         PUBLIC        P4
  D:00A8H         PUBLIC        IE
  C:00E3H         PUBLIC        _delay
  B:0090H.0       PUBLIC        d1
  D:00B8H         PUBLIC        IP
  B:00B0H.0       PUBLIC        k1
  B:00B0H.1       PUBLIC        k2
  B:00B0H.2       PUBLIC        k3
  B:00B0H.3       PUBLIC        k4
  C:00D5H         PUBLIC        main
  D:0098H         PUBLIC        SCON
  D:0088H         PUBLIC        TCON
  C:008FH         PUBLIC        key_scan
  D:00C8H         PUBLIC        T2CON
  D:00D0H         PUBLIC        PSW
  -------         PROC          _DELAY
  D:0006H         SYMBOL        i
  C:00E3H         LINE#         15
  -------         ENDPROC       _DELAY
  -------         PROC          KEY_SCAN
  B:0020H.1       SYMBOL        mode
  -------         DO            
  B:0020H.0       SYMBOL        key
  -------         ENDDO         
  C:008FH         LINE#         17
  C:008FH         LINE#         18
  C:008FH         LINE#         20
  C:0094H         LINE#         21
  C:00A3H         LINE#         22
  C:00A3H         LINE#         23
  C:00AAH         LINE#         24
  C:00ACH         LINE#         25
  C:00B2H         LINE#         26
  C:00B8H         LINE#         27
  C:00BEH         LINE#         28
  C:00C4H         LINE#         29
  C:00C4H         LINE#         30
  C:00D2H         LINE#         32
  C:00D4H         LINE#         33
  -------         ENDPROC       KEY_SCAN
  -------         PROC          MAIN
  -------         DO            
  D:0006H         SYMBOL        key
  -------         ENDDO         
  C:00D5H         LINE#         35
  C:00D5H         LINE#         36
  C:00D5H         LINE#         38
  C:00D5H         LINE#         39
BL51 BANKED LINKER/LOCATER V6.22.2.0                                                  12/16/2024  16:19:23  PAGE 3


  C:00D5H         LINE#         40
  C:00DCH         LINE#         41
  C:00E1H         LINE#         42
  -------         ENDPROC       MAIN
  -------         ENDMOD        TEST

Program Size: data=9.2 xdata=0 code=240
LINK/LOCATE RUN COMPLETE.  0 WARNING(S),  0 ERROR(S)
