BL51 BANKED LINKER/LOCATER V6.22.2.0                                                    12/13/2024  18:06:36  PAGE 1


BL51 BANKED LINKER/LOCATER V6.22.2.0, INVOKED BY:
D:\KEIL_V5\C51\BIN\BL51.EXE .\Objects\test1.obj TO .\Objects\test1 PRINT (.\Listings\test1.m51) RAMSIZE (256)


MEMORY MODEL: SMALL


INPUT MODULES INCLUDED:
  .\Objects\test1.obj (TEST1)
  D:\KEIL_V5\C51\LIB\C51S.LIB (?C_STARTUP)
  D:\KEIL_V5\C51\LIB\C51S.LIB (?C?IMUL)
  D:\KEIL_V5\C51\LIB\C51S.LIB (?C?SIDIV)
  D:\KEIL_V5\C51\LIB\C51S.LIB (?C?SLDIV)
  D:\KEIL_V5\C51\LIB\C51S.LIB (?C?UIDIV)
  D:\KEIL_V5\C51\LIB\C51S.LIB (?C?ULDIV)


LINK MAP OF MODULE:  .\Objects\test1 (TEST1)


            TYPE    BASE      LENGTH    RELOCATION   SEGMENT NAME
            -----------------------------------------------------

            * * * * * * *   D A T A   M E M O R Y   * * * * * * *
            REG     0000H     0008H     ABSOLUTE     "REG BANK 0"
            DATA    0008H     0002H     UNIT         _DATA_GROUP_
            IDATA   000AH     0001H     UNIT         ?STACK

            * * * * * * *   C O D E   M E M O R Y   * * * * * * *
            CODE    0000H     0003H     ABSOLUTE     
            CODE    0003H     016BH     UNIT         ?C?LIB_CODE
            CODE    016EH     0066H     UNIT         ?PR?_FMQ?TEST1
            CODE    01D4H     0044H     UNIT         ?C?LDIV
            CODE    0218H     000CH     UNIT         ?C_C51STARTUP
            CODE    0224H     000BH     UNIT         ?PR?MAIN?TEST1
            CODE    022FH     0007H     UNIT         ?PR?DELAY10US?TEST1



OVERLAY MAP OF MODULE:   .\Objects\test1 (TEST1)


SEGMENT                          DATA_GROUP 
  +--> CALLED SEGMENT          START    LENGTH
----------------------------------------------
?C_C51STARTUP                  -----    -----
  +--> ?PR?MAIN?TEST1

?PR?MAIN?TEST1                 -----    -----
  +--> ?PR?_FMQ?TEST1

?PR?_FMQ?TEST1                 0008H    0002H
  +--> ?PR?DELAY10US?TEST1



SYMBOL TABLE OF MODULE:  .\Objects\test1 (TEST1)

BL51 BANKED LINKER/LOCATER V6.22.2.0                                                  12/13/2024  18:06:36  PAGE 2


  VALUE           TYPE          NAME
  ----------------------------------

  -------         MODULE        TEST1
  C:0000H         SYMBOL        _ICE_DUMMY_
  D:0080H         PUBLIC        P0
  D:0090H         PUBLIC        P1
  D:00A0H         PUBLIC        P2
  D:00C0H         PUBLIC        XICON
  D:00B0H         PUBLIC        P3
  D:00E8H         PUBLIC        P4
  D:00A8H         PUBLIC        IE
  D:00B8H         PUBLIC        IP
  C:0224H         PUBLIC        main
  D:0098H         PUBLIC        SCON
  D:0088H         PUBLIC        TCON
  C:022FH         PUBLIC        Delay10us
  C:016EH         PUBLIC        _fmq
  B:0080H.0       PUBLIC        fm
  D:00C8H         PUBLIC        T2CON
  D:00D0H         PUBLIC        PSW
  -------         PROC          DELAY10US
  -------         DO            
  D:0007H         SYMBOL        i
  -------         ENDDO         
  C:022FH         LINE#         5
  C:022FH         LINE#         6
  C:022FH         LINE#         9
  C:0230H         LINE#         10
  C:0231H         LINE#         11
  C:0233H         LINE#         12
  C:0235H         LINE#         13
  -------         ENDPROC       DELAY10US
  -------         PROC          _FMQ
  D:0006H         SYMBOL        HZ
  D:0008H         SYMBOL        empty
  -------         DO            
  D:0002H         SYMBOL        time
  D:0082H         SYMBOL        i
  -------         ENDDO         
  C:016EH         LINE#         15
  C:0172H         LINE#         16
  C:0172H         LINE#         17
  C:018BH         LINE#         18
  C:018BH         LINE#         19
  C:018DH         LINE#         20
  C:018DH         LINE#         21
  C:018DH         LINE#         22
  C:018FH         LINE#         23
  C:0194H         LINE#         24
  C:01A0H         LINE#         25
  C:01A2H         LINE#         26
  C:01CEH         LINE#         27
  -------         ENDPROC       _FMQ
  -------         PROC          MAIN
  C:0224H         LINE#         31
  C:0224H         LINE#         32
BL51 BANKED LINKER/LOCATER V6.22.2.0                                                  12/13/2024  18:06:36  PAGE 3


  C:0224H         LINE#         33
  -------         ENDPROC       MAIN
  -------         ENDMOD        TEST1

  -------         MODULE        ?C?IMUL
  C:0003H         PUBLIC        ?C?IMUL
  -------         ENDMOD        ?C?IMUL

  -------         MODULE        ?C?SIDIV
  C:0015H         PUBLIC        ?C?SIDIV
  -------         ENDMOD        ?C?SIDIV

  -------         MODULE        ?C?SLDIV
  C:01D4H         PUBLIC        ?C?SLDIV
  -------         ENDMOD        ?C?SLDIV

  -------         MODULE        ?C?UIDIV
  C:004BH         PUBLIC        ?C?UIDIV
  -------         ENDMOD        ?C?UIDIV

  -------         MODULE        ?C?ULDIV
  C:00DCH         PUBLIC        ?C?ULDIV
  -------         ENDMOD        ?C?ULDIV

Program Size: data=11.0 xdata=0 code=566
LINK/LOCATE RUN COMPLETE.  0 WARNING(S),  0 ERROR(S)
