BL51 BANKED LINKER/LOCATER V6.22.2.0                                                    12/18/2024  16:16:11  PAGE 1


BL51 BANKED LINKER/LOCATER V6.22.2.0, INVOKED BY:
D:\KEIL_V5\C51\BIN\BL51.EXE .\Objects\Delay.obj, .\Objects\NixieLight.obj, .\Objects\KeyMatrix.obj, .\Objects\test.obj, 
>> .\Objects\74HC595.obj TO .\Objects\test PRINT (.\Listings\test.m51) RAMSIZE (256)


MEMORY MODEL: SMALL


INPUT MODULES INCLUDED:
  .\Objects\Delay.obj (DELAY)
  .\Objects\NixieLight.obj (NIXIELIGHT)
  .\Objects\KeyMatrix.obj (KEYMATRIX)
  .\Objects\test.obj (TEST)
  .\Objects\74HC595.obj (74HC595)
  D:\KEIL_V5\C51\LIB\C51S.LIB (?C_STARTUP)
  D:\KEIL_V5\C51\LIB\C51S.LIB (?C_INIT)


LINK MAP OF MODULE:  .\Objects\test (DELAY)


            TYPE    BASE      LENGTH    RELOCATION   SEGMENT NAME
            -----------------------------------------------------

            * * * * * * *   D A T A   M E M O R Y   * * * * * * *
            REG     0000H     0008H     ABSOLUTE     "REG BANK 0"
            DATA    0008H     0018H     UNIT         ?DT?NIXIELIGHT
            DATA    0020H     0006H     UNIT         _DATA_GROUP_
            DATA    0026H     0001H     UNIT         ?DT?KEY_MATRIX_RANKS_SCAN?KEYMATRIX
            DATA    0027H     0001H     UNIT         ?DT?KEY_MATRIX_FLIP_SCAN?KEYMATRIX
            IDATA   0028H     0001H     UNIT         ?STACK

            * * * * * * *   C O D E   M E M O R Y   * * * * * * *
            CODE    0000H     0003H     ABSOLUTE     
            CODE    0003H     00FAH     UNIT         ?PR?KEY_MATRIX_RANKS_SCAN?KEYMATRIX
            CODE    00FDH     008CH     UNIT         ?C_C51STARTUP
            CODE    0189H     006DH     UNIT         ?PR?KEY_MATRIX_FLIP_SCAN?KEYMATRIX
            CODE    01F6H     0069H     UNIT         ?PR?_SMG_DYMANIC_DISPLAY?NIXIELIGHT
            CODE    025FH     003CH     UNIT         ?PR?_HC595_WRITE_DATA?74HC595
            CODE    029BH     001DH     UNIT         ?PR?_HC595_SPOT_DISPLAY?74HC595
            CODE    02B8H     001BH     UNIT         ?C_INITSEG
            CODE    02D3H     000EH     UNIT         ?PR?MAIN?TEST
            CODE    02E1H     000CH     UNIT         ?PR?HC595_OUTPUT?74HC595
            CODE    02EDH     000BH     UNIT         ?PR?_DELAY?DELAY
            CODE    02F8H     0009H     UNIT         ?PR?_SMG_STATIC_DISPLAY?NIXIELIGHT



OVERLAY MAP OF MODULE:   .\Objects\test (DELAY)


SEGMENT                                       DATA_GROUP 
  +--> CALLED SEGMENT                       START    LENGTH
-----------------------------------------------------------
?C_C51STARTUP                               -----    -----
  +--> ?PR?MAIN?TEST
  +--> ?C_INITSEG

BL51 BANKED LINKER/LOCATER V6.22.2.0                                                  12/18/2024  16:16:11  PAGE 2


?PR?MAIN?TEST                               -----    -----
  +--> ?PR?_HC595_SPOT_DISPLAY?74HC595

?PR?_HC595_SPOT_DISPLAY?74HC595             0020H    0004H
  +--> ?PR?_HC595_WRITE_DATA?74HC595
  +--> ?PR?HC595_OUTPUT?74HC595

?PR?_HC595_WRITE_DATA?74HC595               0024H    0002H
  +--> ?PR?_DELAY?DELAY

?PR?HC595_OUTPUT?74HC595                    -----    -----
  +--> ?PR?_DELAY?DELAY



SYMBOL TABLE OF MODULE:  .\Objects\test (DELAY)

  VALUE           TYPE          NAME
  ----------------------------------

  -------         MODULE        DELAY
  C:0000H         SYMBOL        _ICE_DUMMY_
  C:02EDH         PUBLIC        _delay
  -------         PROC          _DELAY
  D:0006H         SYMBOL        i
  C:02EDH         LINE#         1
  -------         ENDPROC       _DELAY
  -------         ENDMOD        DELAY

  -------         MODULE        NIXIELIGHT
  C:0000H         SYMBOL        _ICE_DUMMY_
  D:0080H         PUBLIC        P0
  D:0090H         PUBLIC        P1
  D:00A0H         PUBLIC        P2
  D:00C0H         PUBLIC        XICON
  D:00B0H         PUBLIC        P3
  D:00E8H         PUBLIC        P4
  D:00A8H         PUBLIC        IE
  C:02F8H         PUBLIC        _smg_static_display
  D:00B8H         PUBLIC        IP
  D:0098H         PUBLIC        SCON
  D:0088H         PUBLIC        TCON
  D:0008H         SYMBOL        smg_code
  B:0090H.0       PUBLIC        LSA
  B:0090H.1       PUBLIC        LSB
  B:0090H.2       PUBLIC        LSC
  D:00C8H         PUBLIC        T2CON
  C:01F6H         PUBLIC        _smg_dymanic_display
  D:00D0H         PUBLIC        PSW
  -------         PROC          _SMG_STATIC_DISPLAY
  D:0007H         SYMBOL        duan
  C:02F8H         LINE#         36
  C:02F8H         LINE#         37
  C:02F8H         LINE#         38
  C:0300H         LINE#         39
  -------         ENDPROC       _SMG_STATIC_DISPLAY
  -------         PROC          _SMG_DYMANIC_DISPLAY
BL51 BANKED LINKER/LOCATER V6.22.2.0                                                  12/18/2024  16:16:11  PAGE 3


  D:0007H         SYMBOL        wei
  D:0004H         SYMBOL        duan
  C:01F6H         LINE#         44
  C:01F6H         LINE#         45
  C:01F6H         LINE#         46
  C:01F9H         LINE#         47
  C:021FH         LINE#         48
  C:021FH         LINE#         49
  C:0223H         LINE#         50
  C:0227H         LINE#         51
  C:022BH         LINE#         52
  C:022FH         LINE#         53
  C:0237H         LINE#         54
  C:023FH         LINE#         55
  C:0247H         LINE#         56
  C:024DH         LINE#         57
  C:024DH         LINE#         58
  C:0254H         LINE#         59
  C:025BH         LINE#         60
  C:025EH         LINE#         61
  -------         ENDPROC       _SMG_DYMANIC_DISPLAY
  -------         ENDMOD        NIXIELIGHT

  -------         MODULE        KEYMATRIX
  C:0000H         SYMBOL        _ICE_DUMMY_
  D:0080H         PUBLIC        P0
  D:0090H         PUBLIC        P1
  D:00A0H         PUBLIC        P2
  D:00C0H         PUBLIC        XICON
  D:00B0H         PUBLIC        P3
  D:00E8H         PUBLIC        P4
  D:00A8H         PUBLIC        IE
  D:00B8H         PUBLIC        IP
  D:0098H         PUBLIC        SCON
  D:0088H         PUBLIC        TCON
  C:0003H         PUBLIC        key_matrix_ranks_scan
  C:0189H         PUBLIC        key_matrix_flip_scan
  D:00C8H         PUBLIC        T2CON
  D:00D0H         PUBLIC        PSW
  -------         PROC          KEY_MATRIX_RANKS_SCAN
  -------         DO            
  D:0026H         SYMBOL        key_value
  -------         ENDDO         
  C:0003H         LINE#         4
  C:0003H         LINE#         5
  C:0003H         LINE#         6
  C:0006H         LINE#         7
  C:0009H         LINE#         8
  C:0010H         LINE#         9
  C:0010H         LINE#         10
  C:0017H         LINE#         11
  C:002AH         LINE#         12
  C:002AH         LINE#         13
  C:002FH         LINE#         14
  C:0034H         LINE#         15
  C:0039H         LINE#         16
  C:003CH         LINE#         17
BL51 BANKED LINKER/LOCATER V6.22.2.0                                                  12/18/2024  16:16:11  PAGE 4


  C:003CH         LINE#         18
  C:003CH         LINE#         19
  C:0043H         LINE#         21
  C:0046H         LINE#         22
  C:004DH         LINE#         23
  C:004DH         LINE#         24
  C:0054H         LINE#         25
  C:0067H         LINE#         26
  C:0067H         LINE#         27
  C:006CH         LINE#         28
  C:0071H         LINE#         29
  C:0076H         LINE#         30
  C:0079H         LINE#         31
  C:0079H         LINE#         32
  C:0079H         LINE#         33
  C:0080H         LINE#         35
  C:0083H         LINE#         36
  C:008AH         LINE#         37
  C:008AH         LINE#         38
  C:0091H         LINE#         39
  C:00A4H         LINE#         40
  C:00A4H         LINE#         41
  C:00A9H         LINE#         42
  C:00AEH         LINE#         43
  C:00B3H         LINE#         44
  C:00B6H         LINE#         45
  C:00B6H         LINE#         46
  C:00B6H         LINE#         47
  C:00BDH         LINE#         49
  C:00C0H         LINE#         50
  C:00C7H         LINE#         51
  C:00C7H         LINE#         52
  C:00CEH         LINE#         53
  C:00E1H         LINE#         54
  C:00E1H         LINE#         55
  C:00E6H         LINE#         56
  C:00EBH         LINE#         57
  C:00F0H         LINE#         58
  C:00F3H         LINE#         59
  C:00F3H         LINE#         60
  C:00F3H         LINE#         61
  C:00FAH         LINE#         63
  C:00FCH         LINE#         64
  -------         ENDPROC       KEY_MATRIX_RANKS_SCAN
  -------         PROC          KEY_MATRIX_FLIP_SCAN
  -------         DO            
  D:0027H         SYMBOL        key_value
  -------         ENDDO         
  C:0189H         LINE#         67
  C:0189H         LINE#         68
  C:0189H         LINE#         69
  C:018CH         LINE#         71
  C:018FH         LINE#         72
  C:0196H         LINE#         73
  C:0196H         LINE#         74
  C:019DH         LINE#         75
  C:01A4H         LINE#         76
BL51 BANKED LINKER/LOCATER V6.22.2.0                                                  12/18/2024  16:16:11  PAGE 5


  C:01A4H         LINE#         77
  C:01B6H         LINE#         78
  C:01B6H         LINE#         79
  C:01BBH         LINE#         80
  C:01C0H         LINE#         81
  C:01C5H         LINE#         82
  C:01C8H         LINE#         83
  C:01C8H         LINE#         85
  C:01CBH         LINE#         86
  C:01DCH         LINE#         87
  C:01DCH         LINE#         88
  C:01DEH         LINE#         89
  C:01E2H         LINE#         90
  C:01E6H         LINE#         91
  C:01ECH         LINE#         92
  C:01ECH         LINE#         93
  C:01F3H         LINE#         94
  C:01F3H         LINE#         95
  C:01F3H         LINE#         97
  C:01F5H         LINE#         98
  -------         ENDPROC       KEY_MATRIX_FLIP_SCAN
  -------         ENDMOD        KEYMATRIX

  -------         MODULE        TEST
  C:0000H         SYMBOL        _ICE_DUMMY_
  D:0080H         PUBLIC        P0
  D:0090H         PUBLIC        P1
  D:00A0H         PUBLIC        P2
  D:00C0H         PUBLIC        XICON
  D:00B0H         PUBLIC        P3
  D:00E8H         PUBLIC        P4
  D:00A8H         PUBLIC        IE
  D:00B8H         PUBLIC        IP
  C:02D3H         PUBLIC        main
  D:0098H         PUBLIC        SCON
  D:0088H         PUBLIC        TCON
  D:00C8H         PUBLIC        T2CON
  D:00D0H         PUBLIC        PSW
  -------         PROC          MAIN
  C:02D3H         LINE#         3
  C:02D3H         LINE#         4
  C:02D3H         LINE#         5
  C:02D3H         LINE#         6
  C:02D3H         LINE#         7
  C:02DFH         LINE#         8
  -------         ENDPROC       MAIN
  -------         ENDMOD        TEST

  -------         MODULE        74HC595
  C:0000H         SYMBOL        _ICE_DUMMY_
  D:0080H         PUBLIC        P0
  B:00B0H.1       PUBLIC        SRCLK
  D:0090H         PUBLIC        P1
  D:00A0H         PUBLIC        P2
  D:00C0H         PUBLIC        XICON
  D:00B0H         PUBLIC        P3
  D:00E8H         PUBLIC        P4
BL51 BANKED LINKER/LOCATER V6.22.2.0                                                  12/18/2024  16:16:11  PAGE 6


  C:02E1H         PUBLIC        hc595_output
  D:00A8H         PUBLIC        IE
  D:00B8H         PUBLIC        IP
  D:0098H         PUBLIC        SCON
  D:0088H         PUBLIC        TCON
  B:00B0H.0       PUBLIC        RCK
  D:00C8H         PUBLIC        T2CON
  B:00B0H.2       PUBLIC        SER
  C:029BH         PUBLIC        _hc595_spot_display
  D:00D0H         PUBLIC        PSW
  C:025FH         PUBLIC        _hc595_write_data
  -------         PROC          _HC595_WRITE_DATA
  D:0024H         SYMBOL        dat
  -------         DO            
  D:0025H         SYMBOL        i
  -------         ENDDO         
  C:025FH         LINE#         8
  C:0261H         LINE#         9
  C:0261H         LINE#         10
  C:0264H         LINE#         11
  C:0271H         LINE#         12
  C:0271H         LINE#         13
  C:0284H         LINE#         14
  C:0286H         LINE#         15
  C:028DH         LINE#         16
  C:028FH         LINE#         17
  C:0296H         LINE#         18
  C:029AH         LINE#         19
  -------         ENDPROC       _HC595_WRITE_DATA
  -------         PROC          HC595_OUTPUT
  C:02E1H         LINE#         22
  C:02E1H         LINE#         23
  C:02E1H         LINE#         24
  C:02E3H         LINE#         25
  C:02EAH         LINE#         26
  C:02ECH         LINE#         27
  -------         ENDPROC       HC595_OUTPUT
  -------         PROC          _HC595_SPOT_DISPLAY
  D:0020H         SYMBOL        r1
  D:0021H         SYMBOL        r2
  D:0022H         SYMBOL        c1
  D:0023H         SYMBOL        c2
  C:029BH         LINE#         29
  C:02A1H         LINE#         30
  C:02A1H         LINE#         31
  C:02A6H         LINE#         32
  C:02ABH         LINE#         33
  C:02B0H         LINE#         34
  C:02B5H         LINE#         35
  -------         ENDPROC       _HC595_SPOT_DISPLAY
  -------         ENDMOD        74HC595

*** WARNING L16: UNCALLED SEGMENT, IGNORED FOR OVERLAY PROCESS
    SEGMENT: ?PR?_SMG_STATIC_DISPLAY?NIXIELIGHT

*** WARNING L16: UNCALLED SEGMENT, IGNORED FOR OVERLAY PROCESS
    SEGMENT: ?PR?_SMG_DYMANIC_DISPLAY?NIXIELIGHT
BL51 BANKED LINKER/LOCATER V6.22.2.0                                                  12/18/2024  16:16:11  PAGE 7



*** WARNING L16: UNCALLED SEGMENT, IGNORED FOR OVERLAY PROCESS
    SEGMENT: ?PR?KEY_MATRIX_RANKS_SCAN?KEYMATRIX

*** WARNING L16: UNCALLED SEGMENT, IGNORED FOR OVERLAY PROCESS
    SEGMENT: ?PR?KEY_MATRIX_FLIP_SCAN?KEYMATRIX

Program Size: data=41.0 xdata=0 code=769
LINK/LOCATE RUN COMPLETE.  4 WARNING(S),  0 ERROR(S)
